// Vitest Snapshot v1, https://vitest.dev/guide/snapshot.html

exports[`VCollectionItem > snapshot 1`] = `
<div
  class="collection-item v-relative v-flex v-items-start v-justify-between v-rounded-sm v-border v-border-gray-20 v-bg-white v-p-box v-shadow"
>
  <div>
    <h3
      class="v-h3"
    >
      Gleichf√∂rmige Bewegungen
    </h3>
    <p
      class="v-p v-mt-1 v-text-gray"
    >
      2qe485
    </p>
  </div>
  <!--v-if-->
  <!--v-if-->
  <!--v-if-->
</div>
`;
