// Vitest Snapshot v1, https://vitest.dev/guide/snapshot.html

exports[`VArticleBoxSlider > snapshot 1`] = `
<div
  class="article-box-slider v-p-box-xl"
>
  <h2
    class="v-h2 v-mb-box"
  >
    
    Geschwindigkeit bei gleichf√∂rm-iger Bewegung
    
  </h2>
  <v-slider-stub
    modifier="!v-overflow-visible"
    modules=""
    slidesperview="2.3"
    slidesperviewtablet="5.3"
    spacebetweenslides="8"
  >
    
    <swiper-slide-stub
      class="!v-h-auto"
      lazy="false"
      tag="div"
    >
      <router-link
        class="v-h-full v-w-full"
        to="[object Object]"
      >
        <v-article-box-stub
          modifier="v-h-full v-w-full"
          subtitle="Grundwissen"
          title="Masse und Volumen"
        >
          <v-badge-stub>
            Mechanik
          </v-badge-stub>
        </v-article-box-stub>
      </router-link>
    </swiper-slide-stub>
    <swiper-slide-stub
      class="!v-h-auto"
      lazy="false"
      tag="div"
    >
      <router-link
        class="v-h-full v-w-full"
        to="[object Object]"
      >
        <v-article-box-stub
          modifier="v-h-full v-w-full"
          subtitle="Grundwissen"
          title="Masse und Volumen"
        >
          <v-badge-stub>
            Mechanik
          </v-badge-stub>
        </v-article-box-stub>
      </router-link>
    </swiper-slide-stub>
    <swiper-slide-stub
      class="!v-h-auto"
      lazy="false"
      tag="div"
    >
      <router-link
        class="v-h-full v-w-full"
        to="[object Object]"
      >
        <v-article-box-stub
          modifier="v-h-full v-w-full"
          subtitle="Grundwissen"
          title="Masse und Volumen"
        >
          <v-badge-stub>
            Mechanik
          </v-badge-stub>
        </v-article-box-stub>
      </router-link>
    </swiper-slide-stub>
    
    <swiper-slide-stub
      lazy="false"
      tag="div"
    >
      <router-link
        class="v-h-full v-w-full"
        to="[object Object]"
      >
        <v-article-box-stub
          islearned="true"
          modifier="v-border-dashed v-bg-transparent v-shadow-none"
          title="Zu deinen Favoriten"
          withnotification="false"
        >
          <v-icon-stub
            modifier="false"
            size="sm"
            src="icon/arrow-right.svg"
            withspaceleft="false"
            withspaceright="false"
          />
        </v-article-box-stub>
      </router-link>
    </swiper-slide-stub>
  </v-slider-stub>
</div>
`;
