// Vitest Snapshot v1, https://vitest.dev/guide/snapshot.html

exports[`VBranchHeader > snapshot 1`] = `
<v-header-stub>
  
  Mechanik
  
  <div
    class="v-flex v-w-full v-items-center"
  >
    <!--v-if-->
  </div>
</v-header-stub>
`;
